Archive member included to satisfy reference by file (symbol)

c:/st/stm32cubeide_1.10.1/stm32cubeide/plugins/com.st.stm32cube.ide.mcu.externaltools.gnu-tools-for-stm32.10.3-2021.10.win32_1.0.0.202111181127/tools/bin/../lib/gcc/arm-none-eabi/10.3.1/../../../../arm-none-eabi/lib/thumb/v7e-m+fp/hard\libc_nano.a(lib_a-errno.o)
                              ./Application/User/Core/syscalls.o (__errno)
c:/st/stm32cubeide_1.10.1/stm32cubeide/plugins/com.st.stm32cube.ide.mcu.externaltools.gnu-tools-for-stm32.10.3-2021.10.win32_1.0.0.202111181127/tools/bin/../lib/gcc/arm-none-eabi/10.3.1/../../../../arm-none-eabi/lib/thumb/v7e-m+fp/hard\libc_nano.a(lib_a-exit.o)
                              c:/st/stm32cubeide_1.10.1/stm32cubeide/plugins/com.st.stm32cube.ide.mcu.externaltools.gnu-tools-for-stm32.10.3-2021.10.win32_1.0.0.202111181127/tools/bin/../lib/gcc/arm-none-eabi/10.3.1/../../../../arm-none-eabi/lib/thumb/v7e-m+fp/hard/crt0.o (exit)
c:/st/stm32cubeide_1.10.1/stm32cubeide/plugins/com.st.stm32cube.ide.mcu.externaltools.gnu-tools-for-stm32.10.3-2021.10.win32_1.0.0.202111181127/tools/bin/../lib/gcc/arm-none-eabi/10.3.1/../../../../arm-none-eabi/lib/thumb/v7e-m+fp/hard\libc_nano.a(lib_a-impure.o)
                              c:/st/stm32cubeide_1.10.1/stm32cubeide/plugins/com.st.stm32cube.ide.mcu.externaltools.gnu-tools-for-stm32.10.3-2021.10.win32_1.0.0.202111181127/tools/bin/../lib/gcc/arm-none-eabi/10.3.1/../../../../arm-none-eabi/lib/thumb/v7e-m+fp/hard\libc_nano.a(lib_a-exit.o) (_global_impure_ptr)
c:/st/stm32cubeide_1.10.1/stm32cubeide/plugins/com.st.stm32cube.ide.mcu.externaltools.gnu-tools-for-stm32.10.3-2021.10.win32_1.0.0.202111181127/tools/bin/../lib/gcc/arm-none-eabi/10.3.1/../../../../arm-none-eabi/lib/thumb/v7e-m+fp/hard\libc_nano.a(lib_a-init.o)
                              c:/st/stm32cubeide_1.10.1/stm32cubeide/plugins/com.st.stm32cube.ide.mcu.externaltools.gnu-tools-for-stm32.10.3-2021.10.win32_1.0.0.202111181127/tools/bin/../lib/gcc/arm-none-eabi/10.3.1/../../../../arm-none-eabi/lib/thumb/v7e-m+fp/hard/crt0.o (__libc_init_array)
c:/st/stm32cubeide_1.10.1/stm32cubeide/plugins/com.st.stm32cube.ide.mcu.externaltools.gnu-tools-for-stm32.10.3-2021.10.win32_1.0.0.202111181127/tools/bin/../lib/gcc/arm-none-eabi/10.3.1/../../../../arm-none-eabi/lib/thumb/v7e-m+fp/hard\libc_nano.a(lib_a-memset.o)
                              c:/st/stm32cubeide_1.10.1/stm32cubeide/plugins/com.st.stm32cube.ide.mcu.externaltools.gnu-tools-for-stm32.10.3-2021.10.win32_1.0.0.202111181127/tools/bin/../lib/gcc/arm-none-eabi/10.3.1/../../../../arm-none-eabi/lib/thumb/v7e-m+fp/hard/crt0.o (memset)
c:/st/stm32cubeide_1.10.1/stm32cubeide/plugins/com.st.stm32cube.ide.mcu.externaltools.gnu-tools-for-stm32.10.3-2021.10.win32_1.0.0.202111181127/tools/bin/../lib/gcc/arm-none-eabi/10.3.1/thumb/v7e-m+fp/hard\libgcc.a(_aeabi_uldivmod.o)
                              ./Drivers/STM32F4xx_HAL_Driver/stm32f4xx_hal_rcc.o (__aeabi_uldivmod)
c:/st/stm32cubeide_1.10.1/stm32cubeide/plugins/com.st.stm32cube.ide.mcu.externaltools.gnu-tools-for-stm32.10.3-2021.10.win32_1.0.0.202111181127/tools/bin/../lib/gcc/arm-none-eabi/10.3.1/thumb/v7e-m+fp/hard\libgcc.a(_udivmoddi4.o)
                              c:/st/stm32cubeide_1.10.1/stm32cubeide/plugins/com.st.stm32cube.ide.mcu.externaltools.gnu-tools-for-stm32.10.3-2021.10.win32_1.0.0.202111181127/tools/bin/../lib/gcc/arm-none-eabi/10.3.1/thumb/v7e-m+fp/hard\libgcc.a(_aeabi_uldivmod.o) (__udivmoddi4)
c:/st/stm32cubeide_1.10.1/stm32cubeide/plugins/com.st.stm32cube.ide.mcu.externaltools.gnu-tools-for-stm32.10.3-2021.10.win32_1.0.0.202111181127/tools/bin/../lib/gcc/arm-none-eabi/10.3.1/thumb/v7e-m+fp/hard\libgcc.a(_dvmd_tls.o)
                              c:/st/stm32cubeide_1.10.1/stm32cubeide/plugins/com.st.stm32cube.ide.mcu.externaltools.gnu-tools-for-stm32.10.3-2021.10.win32_1.0.0.202111181127/tools/bin/../lib/gcc/arm-none-eabi/10.3.1/thumb/v7e-m+fp/hard\libgcc.a(_aeabi_uldivmod.o) (__aeabi_ldiv0)

Discarded input sections

 .text          0x0000000000000000        0x0 c:/st/stm32cubeide_1.10.1/stm32cubeide/plugins/com.st.stm32cube.ide.mcu.externaltools.gnu-tools-for-stm32.10.3-2021.10.win32_1.0.0.202111181127/tools/bin/../lib/gcc/arm-none-eabi/10.3.1/thumb/v7e-m+fp/hard/crti.o
 .data          0x0000000000000000        0x0 c:/st/stm32cubeide_1.10.1/stm32cubeide/plugins/com.st.stm32cube.ide.mcu.externaltools.gnu-tools-for-stm32.10.3-2021.10.win32_1.0.0.202111181127/tools/bin/../lib/gcc/arm-none-eabi/10.3.1/thumb/v7e-m+fp/hard/crti.o
 .bss           0x0000000000000000        0x0 c:/st/stm32cubeide_1.10.1/stm32cubeide/plugins/com.st.stm32cube.ide.mcu.externaltools.gnu-tools-for-stm32.10.3-2021.10.win32_1.0.0.202111181127/tools/bin/../lib/gcc/arm-none-eabi/10.3.1/thumb/v7e-m+fp/hard/crti.o
[...]
Memory Configuration

Name             Origin             Length             Attributes
CCMRAM           0x0000000010000000 0x0000000000010000 xrw
RAM              0x0000000020000000 0x0000000000020000 xrw
FLASH            0x0000000008000000 0x0000000000100000 xr
*default*        0x0000000000000000 0xffffffffffffffff

Linker script and memory map

LOAD c:/st/stm32cubeide_1.10.1/stm32cubeide/plugins/com.st.stm32cube.ide.mcu.externaltools.gnu-tools-for-stm32.10.3-2021.10.win32_1.0.0.202111181127/tools/bin/../lib/gcc/arm-none-eabi/10.3.1/thumb/v7e-m+fp/hard/crti.o
LOAD c:/st/stm32cubeide_1.10.1/stm32cubeide/plugins/com.st.stm32cube.ide.mcu.externaltools.gnu-tools-for-stm32.10.3-2021.10.win32_1.0.0.202111181127/tools/bin/../lib/gcc/arm-none-eabi/10.3.1/thumb/v7e-m+fp/hard/crtbegin.o
LOAD c:/st/stm32cubeide_1.10.1/stm32cubeide/plugins/com.st.stm32cube.ide.mcu.externaltools.gnu-tools-for-stm32.10.3-2021.10.win32_1.0.0.202111181127/tools/bin/../lib/gcc/arm-none-eabi/10.3.1/../../../../arm-none-eabi/lib/thumb/v7e-m+fp/hard/crt0.o
LOAD ./Application/User/Core/gpio.o
LOAD ./Application/User/Core/main.o
LOAD ./Application/User/Core/md_slave.o
LOAD ./Application/User/Core/stm32f4xx_hal_msp.o
LOAD ./Application/User/Core/stm32f4xx_it.o
LOAD ./Application/User/Core/syscalls.o
LOAD ./Application/User/Core/sysmem.o
LOAD ./Application/User/Core/usart.o
LOAD ./Application/User/Startup/startup_stm32f407vgtx.o
LOAD ./Drivers/CMSIS/system_stm32f4xx.o
LOAD ./Drivers/STM32F4xx_HAL_Driver/stm32f4xx_hal.o
LOAD ./Drivers/STM32F4xx_HAL_Driver/stm32f4xx_hal_cortex.o
LOAD ./Drivers/STM32F4xx_HAL_Driver/stm32f4xx_hal_dma.o
LOAD ./Drivers/STM32F4xx_HAL_Driver/stm32f4xx_hal_dma_ex.o
LOAD ./Drivers/STM32F4xx_HAL_Driver/stm32f4xx_hal_exti.o
LOAD ./Drivers/STM32F4xx_HAL_Driver/stm32f4xx_hal_flash.o
LOAD ./Drivers/STM32F4xx_HAL_Driver/stm32f4xx_hal_flash_ex.o
LOAD ./Drivers/STM32F4xx_HAL_Driver/stm32f4xx_hal_flash_ramfunc.o
LOAD ./Drivers/STM32F4xx_HAL_Driver/stm32f4xx_hal_gpio.o
LOAD ./Drivers/STM32F4xx_HAL_Driver/stm32f4xx_hal_pwr.o
LOAD ./Drivers/STM32F4xx_HAL_Driver/stm32f4xx_hal_pwr_ex.o
LOAD ./Drivers/STM32F4xx_HAL_Driver/stm32f4xx_hal_rcc.o
LOAD ./Drivers/STM32F4xx_HAL_Driver/stm32f4xx_hal_rcc_ex.o
LOAD ./Drivers/STM32F4xx_HAL_Driver/stm32f4xx_hal_tim.o
LOAD ./Drivers/STM32F4xx_HAL_Driver/stm32f4xx_hal_tim_ex.o
LOAD ./Drivers/STM32F4xx_HAL_Driver/stm32f4xx_hal_uart.o
START GROUP
LOAD c:/st/stm32cubeide_1.10.1/stm32cubeide/plugins/com.st.stm32cube.ide.mcu.externaltools.gnu-tools-for-stm32.10.3-2021.10.win32_1.0.0.202111181127/tools/bin/../lib/gcc/arm-none-eabi/10.3.1/../../../../arm-none-eabi/lib/thumb/v7e-m+fp/hard\libc_nano.a
LOAD c:/st/stm32cubeide_1.10.1/stm32cubeide/plugins/com.st.stm32cube.ide.mcu.externaltools.gnu-tools-for-stm32.10.3-2021.10.win32_1.0.0.202111181127/tools/bin/../lib/gcc/arm-none-eabi/10.3.1/../../../../arm-none-eabi/lib/thumb/v7e-m+fp/hard\libm.a
END GROUP
START GROUP
LOAD c:/st/stm32cubeide_1.10.1/stm32cubeide/plugins/com.st.stm32cube.ide.mcu.externaltools.gnu-tools-for-stm32.10.3-2021.10.win32_1.0.0.202111181127/tools/bin/../lib/gcc/arm-none-eabi/10.3.1/thumb/v7e-m+fp/hard\libgcc.a
LOAD c:/st/stm32cubeide_1.10.1/stm32cubeide/plugins/com.st.stm32cube.ide.mcu.externaltools.gnu-tools-for-stm32.10.3-2021.10.win32_1.0.0.202111181127/tools/bin/../lib/gcc/arm-none-eabi/10.3.1/../../../../arm-none-eabi/lib/thumb/v7e-m+fp/hard\libc_nano.a
END GROUP
START GROUP
LOAD c:/st/stm32cubeide_1.10.1/stm32cubeide/plugins/com.st.stm32cube.ide.mcu.externaltools.gnu-tools-for-stm32.10.3-2021.10.win32_1.0.0.202111181127/tools/bin/../lib/gcc/arm-none-eabi/10.3.1/thumb/v7e-m+fp/hard\libgcc.a
LOAD c:/st/stm32cubeide_1.10.1/stm32cubeide/plugins/com.st.stm32cube.ide.mcu.externaltools.gnu-tools-for-stm32.10.3-2021.10.win32_1.0.0.202111181127/tools/bin/../lib/gcc/arm-none-eabi/10.3.1/../../../../arm-none-eabi/lib/thumb/v7e-m+fp/hard\libc_nano.a
LOAD c:/st/stm32cubeide_1.10.1/stm32cubeide/plugins/com.st.stm32cube.ide.mcu.externaltools.gnu-tools-for-stm32.10.3-2021.10.win32_1.0.0.202111181127/tools/bin/../lib/gcc/arm-none-eabi/10.3.1/../../../../arm-none-eabi/lib/thumb/v7e-m+fp/hard\libnosys.a
END GROUP
START GROUP
LOAD c:/st/stm32cubeide_1.10.1/stm32cubeide/plugins/com.st.stm32cube.ide.mcu.externaltools.gnu-tools-for-stm32.10.3-2021.10.win32_1.0.0.202111181127/tools/bin/../lib/gcc/arm-none-eabi/10.3.1/thumb/v7e-m+fp/hard\libgcc.a
LOAD c:/st/stm32cubeide_1.10.1/stm32cubeide/plugins/com.st.stm32cube.ide.mcu.externaltools.gnu-tools-for-stm32.10.3-2021.10.win32_1.0.0.202111181127/tools/bin/../lib/gcc/arm-none-eabi/10.3.1/../../../../arm-none-eabi/lib/thumb/v7e-m+fp/hard\libc_nano.a
LOAD c:/st/stm32cubeide_1.10.1/stm32cubeide/plugins/com.st.stm32cube.ide.mcu.externaltools.gnu-tools-for-stm32.10.3-2021.10.win32_1.0.0.202111181127/tools/bin/../lib/gcc/arm-none-eabi/10.3.1/../../../../arm-none-eabi/lib/thumb/v7e-m+fp/hard\libnosys.a
END GROUP
LOAD c:/st/stm32cubeide_1.10.1/stm32cubeide/plugins/com.st.stm32cube.ide.mcu.externaltools.gnu-tools-for-stm32.10.3-2021.10.win32_1.0.0.202111181127/tools/bin/../lib/gcc/arm-none-eabi/10.3.1/thumb/v7e-m+fp/hard/crtend.o
LOAD c:/st/stm32cubeide_1.10.1/stm32cubeide/plugins/com.st.stm32cube.ide.mcu.externaltools.gnu-tools-for-stm32.10.3-2021.10.win32_1.0.0.202111181127/tools/bin/../lib/gcc/arm-none-eabi/10.3.1/thumb/v7e-m+fp/hard/crtn.o
                0x0000000020020000                _estack = (ORIGIN (RAM) + LENGTH (RAM))
                0x0000000000000200                _Min_Heap_Size = 0x200
                0x0000000000000400                _Min_Stack_Size = 0x400

.isr_vector     0x0000000008000000      0x188
                0x0000000008000000                . = ALIGN (0x4)
 *(.isr_vector)
 .isr_vector    0x0000000008000000      0x188 ./Application/User/Startup/startup_stm32f407vgtx.o
                0x0000000008000000                g_pfnVectors
                0x0000000008000188                . = ALIGN (0x4)

.text           0x0000000008000188     0x5a30
                0x0000000008000188                . = ALIGN (0x4)
 *(.text)
 .text          0x0000000008000188       0x40 c:/st/stm32cubeide_1.10.1/stm32cubeide/plugins/com.st.stm32cube.ide.mcu.externaltools.gnu-tools-for-stm32.10.3-2021.10.win32_1.0.0.202111181127/tools/bin/../lib/gcc/arm-none-eabi/10.3.1/thumb/v7e-m+fp/hard/crtbegin.o
 .text          0x00000000080001c8       0x30 c:/st/stm32cubeide_1.10.1/stm32cubeide/plugins/com.st.stm32cube.ide.mcu.externaltools.gnu-tools-for-stm32.10.3-2021.10.win32_1.0.0.202111181127/tools/bin/../lib/gcc/arm-none-eabi/10.3.1/thumb/v7e-m+fp/hard\libgcc.a(_aeabi_uldivmod.o)
                0x00000000080001c8                __aeabi_uldivmod
 .text          0x00000000080001f8      0x2d0 c:/st/stm32cubeide_1.10.1/stm32cubeide/plugins/com.st.stm32cube.ide.mcu.externaltools.gnu-tools-for-stm32.10.3-2021.10.win32_1.0.0.202111181127/tools/bin/../lib/gcc/arm-none-eabi/10.3.1/thumb/v7e-m+fp/hard\libgcc.a(_udivmoddi4.o)
                0x00000000080001f8                __udivmoddi4
 .text          0x00000000080004c8        0x4 c:/st/stm32cubeide_1.10.1/stm32cubeide/plugins/com.st.stm32cube.ide.mcu.externaltools.gnu-tools-for-stm32.10.3-2021.10.win32_1.0.0.202111181127/tools/bin/../lib/gcc/arm-none-eabi/10.3.1/thumb/v7e-m+fp/hard\libgcc.a(_dvmd_tls.o)
                0x00000000080004c8                __aeabi_idiv0
                0x00000000080004c8                __aeabi_ldiv0
 *(.text*)
 .text.MX_GPIO_Init
                0x00000000080004cc       0x50 ./Application/User/Core/gpio.o
                0x00000000080004cc                MX_GPIO_Init
 .text.main     0x000000000800051c      0x64c ./Application/User/Core/main.o
                0x000000000800051c                main
 .text.SystemClock_Config
                0x0000000008000b68       0xd4 ./Application/User/Core/main.o
                0x0000000008000b68                SystemClock_Config
 .text.HAL_UART_RxCpltCallback
                0x0000000008000c3c       0xa8 ./Application/User/Core/main.o
                0x0000000008000c3c                HAL_UART_RxCpltCallback
 .text.HAL_UART_TxCpltCallback
                0x0000000008000ce4       0x20 ./Application/User/Core/main.o
                0x0000000008000ce4                HAL_UART_TxCpltCallback
 .text.Error_Handler
                0x0000000008000d04        0xa ./Application/User/Core/main.o
                0x0000000008000d04                Error_Handler
 *fill*         0x0000000008000d0e        0x2 
 .text.crc16    0x0000000008000d10       0x6c ./Application/User/Core/md_slave.o
                0x0000000008000d10                crc16
 .text.read_coils
                0x0000000008000d7c      0x414 ./Application/User/Core/md_slave.o
                0x0000000008000d7c                read_coils
 .text.read_descrete_data
                0x0000000008001190      0x40c ./Application/User/Core/md_slave.o
                0x0000000008001190                read_descrete_data
 .text.read_holding_registers
                0x000000000800159c      0x1a0 ./Application/User/Core/md_slave.o
                0x000000000800159c                read_holding_registers
 .text.read_input_registers
                0x000000000800173c      0x1a0 ./Application/User/Core/md_slave.o
                0x000000000800173c                read_input_registers
 .text.write_single_coil
                0x00000000080018dc      0x170 ./Application/User/Core/md_slave.o
                0x00000000080018dc                write_single_coil
 .text.write_single_register
                0x0000000008001a4c      0x120 ./Application/User/Core/md_slave.o
                0x0000000008001a4c                write_single_register
 .text.read_exception_status
                0x0000000008001b6c       0x92 ./Application/User/Core/md_slave.o
                0x0000000008001b6c                read_exception_status
 *fill*         0x0000000008001bfe        0x2 
 .text.write_multiple_coils
                0x0000000008001c00     0x1c34 ./Application/User/Core/md_slave.o
                0x0000000008001c00                write_multiple_coils
 .text.write_multiple_registers
                0x0000000008003834      0x178 ./Application/User/Core/md_slave.o
                0x0000000008003834                write_multiple_registers
 .text.HAL_MspInit
                0x00000000080039ac       0x50 ./Application/User/Core/stm32f4xx_hal_msp.o
                0x00000000080039ac                HAL_MspInit
 .text.NMI_Handler
                0x00000000080039fc        0x6 ./Application/User/Core/stm32f4xx_it.o
                0x00000000080039fc                NMI_Handler
 .text.HardFault_Handler
                0x0000000008003a02        0x6 ./Application/User/Core/stm32f4xx_it.o
                0x0000000008003a02                HardFault_Handler
 .text.MemManage_Handler
                0x0000000008003a08        0x6 ./Application/User/Core/stm32f4xx_it.o
                0x0000000008003a08                MemManage_Handler
 .text.BusFault_Handler
                0x0000000008003a0e        0x6 ./Application/User/Core/stm32f4xx_it.o
                0x0000000008003a0e                BusFault_Handler
 .text.UsageFault_Handler
                0x0000000008003a14        0x6 ./Application/User/Core/stm32f4xx_it.o
                0x0000000008003a14                UsageFault_Handler
 .text.SVC_Handler
                0x0000000008003a1a        0xe ./Application/User/Core/stm32f4xx_it.o
                0x0000000008003a1a                SVC_Handler
 .text.DebugMon_Handler
                0x0000000008003a28        0xe ./Application/User/Core/stm32f4xx_it.o
                0x0000000008003a28                DebugMon_Handler
 .text.PendSV_Handler
                0x0000000008003a36        0xe ./Application/User/Core/stm32f4xx_it.o
                0x0000000008003a36                PendSV_Handler
 .text.SysTick_Handler
                0x0000000008003a44        0xc ./Application/User/Core/stm32f4xx_it.o
                0x0000000008003a44                SysTick_Handler
 .text.USART1_IRQHandler
                0x0000000008003a50       0x14 ./Application/User/Core/stm32f4xx_it.o
                0x0000000008003a50                USART1_IRQHandler
 .text.MX_USART1_UART_Init
                0x0000000008003a64       0x54 ./Application/User/Core/usart.o
                0x0000000008003a64                MX_USART1_UART_Init
 .text.HAL_UART_MspInit
                0x0000000008003ab8       0xa0 ./Application/User/Core/usart.o
                0x0000000008003ab8                HAL_UART_MspInit
 .text.Reset_Handler
                0x0000000008003b58       0x50 ./Application/User/Startup/startup_stm32f407vgtx.o
                0x0000000008003b58                Reset_Handler
 .text.Default_Handler
                0x0000000008003ba8        0x2 ./Application/User/Startup/startup_stm32f407vgtx.o
                0x0000000008003ba8                RTC_Alarm_IRQHandler
                0x0000000008003ba8                HASH_RNG_IRQHandler
                0x0000000008003ba8                EXTI2_IRQHandler
                0x0000000008003ba8                TIM8_CC_IRQHandler
                0x0000000008003ba8                TIM1_CC_IRQHandler
                0x0000000008003ba8                DMA2_Stream5_IRQHandler
                0x0000000008003ba8                DMA1_Stream5_IRQHandler
                0x0000000008003ba8                PVD_IRQHandler
                0x0000000008003ba8                SDIO_IRQHandler
                0x0000000008003ba8                TAMP_STAMP_IRQHandler
                0x0000000008003ba8                CAN2_RX1_IRQHandler
                0x0000000008003ba8                EXTI3_IRQHandler
                0x0000000008003ba8                TIM8_TRG_COM_TIM14_IRQHandler
                0x0000000008003ba8                TIM1_UP_TIM10_IRQHandler
                0x0000000008003ba8                TIM8_UP_TIM13_IRQHandler
                0x0000000008003ba8                I2C3_ER_IRQHandler
                0x0000000008003ba8                EXTI0_IRQHandler
                0x0000000008003ba8                I2C2_EV_IRQHandler
                0x0000000008003ba8                DMA1_Stream2_IRQHandler
                0x0000000008003ba8                CAN1_RX0_IRQHandler
                0x0000000008003ba8                FPU_IRQHandler
                0x0000000008003ba8                OTG_HS_WKUP_IRQHandler
                0x0000000008003ba8                CAN2_SCE_IRQHandler
                0x0000000008003ba8                DMA2_Stream2_IRQHandler
                0x0000000008003ba8                SPI1_IRQHandler
                0x0000000008003ba8                TIM6_DAC_IRQHandler
                0x0000000008003ba8                TIM1_BRK_TIM9_IRQHandler
                0x0000000008003ba8                DCMI_IRQHandler
                0x0000000008003ba8                CAN2_RX0_IRQHandler
                0x0000000008003ba8                DMA2_Stream3_IRQHandler
                0x0000000008003ba8                USART6_IRQHandler
                0x0000000008003ba8                USART3_IRQHandler
                0x0000000008003ba8                CAN1_RX1_IRQHandler
                0x0000000008003ba8                UART5_IRQHandler
                0x0000000008003ba8                DMA2_Stream0_IRQHandler
                0x0000000008003ba8                TIM4_IRQHandler
                0x0000000008003ba8                I2C1_EV_IRQHandler
                0x0000000008003ba8                DMA1_Stream6_IRQHandler
                0x0000000008003ba8                DMA1_Stream1_IRQHandler
                0x0000000008003ba8                UART4_IRQHandler
                0x0000000008003ba8                TIM3_IRQHandler
                0x0000000008003ba8                RCC_IRQHandler
                0x0000000008003ba8                TIM8_BRK_TIM12_IRQHandler
                0x0000000008003ba8                Default_Handler
                0x0000000008003ba8                EXTI15_10_IRQHandler
                0x0000000008003ba8                ADC_IRQHandler
                0x0000000008003ba8                DMA1_Stream7_IRQHandler
                0x0000000008003ba8                TIM7_IRQHandler
                0x0000000008003ba8                CAN2_TX_IRQHandler
                0x0000000008003ba8                TIM5_IRQHandler
                0x0000000008003ba8                DMA2_Stream7_IRQHandler
                0x0000000008003ba8                I2C3_EV_IRQHandler
                0x0000000008003ba8                EXTI9_5_IRQHandler
                0x0000000008003ba8                RTC_WKUP_IRQHandler
                0x0000000008003ba8                ETH_WKUP_IRQHandler
                0x0000000008003ba8                SPI2_IRQHandler
                0x0000000008003ba8                OTG_HS_EP1_IN_IRQHandler
                0x0000000008003ba8                DMA1_Stream0_IRQHandler
                0x0000000008003ba8                CAN1_TX_IRQHandler
                0x0000000008003ba8                EXTI4_IRQHandler
                0x0000000008003ba8                FSMC_IRQHandler
                0x0000000008003ba8                ETH_IRQHandler
                0x0000000008003ba8                OTG_HS_EP1_OUT_IRQHandler
                0x0000000008003ba8                WWDG_IRQHandler
                0x0000000008003ba8                TIM2_IRQHandler
                0x0000000008003ba8                OTG_FS_WKUP_IRQHandler
                0x0000000008003ba8                TIM1_TRG_COM_TIM11_IRQHandler
                0x0000000008003ba8                OTG_HS_IRQHandler
                0x0000000008003ba8                EXTI1_IRQHandler
                0x0000000008003ba8                USART2_IRQHandler
                0x0000000008003ba8                I2C2_ER_IRQHandler
                0x0000000008003ba8                DMA2_Stream1_IRQHandler
                0x0000000008003ba8                CAN1_SCE_IRQHandler
                0x0000000008003ba8                FLASH_IRQHandler
                0x0000000008003ba8                DMA2_Stream4_IRQHandler
                0x0000000008003ba8                OTG_FS_IRQHandler
                0x0000000008003ba8                SPI3_IRQHandler
                0x0000000008003ba8                DMA1_Stream4_IRQHandler
                0x0000000008003ba8                I2C1_ER_IRQHandler
                0x0000000008003ba8                DMA2_Stream6_IRQHandler
                0x0000000008003ba8                DMA1_Stream3_IRQHandler
 *fill*         0x0000000008003baa        0x2 
 .text.SystemInit
                0x0000000008003bac       0x24 ./Drivers/CMSIS/system_stm32f4xx.o
                0x0000000008003bac                SystemInit
 .text.HAL_Init
                0x0000000008003bd0       0x44 ./Drivers/STM32F4xx_HAL_Driver/stm32f4xx_hal.o
                0x0000000008003bd0                HAL_Init
 .text.HAL_InitTick
                0x0000000008003c14       0x60 ./Drivers/STM32F4xx_HAL_Driver/stm32f4xx_hal.o
                0x0000000008003c14                HAL_InitTick
 .text.HAL_IncTick
                0x0000000008003c74       0x28 ./Drivers/STM32F4xx_HAL_Driver/stm32f4xx_hal.o
                0x0000000008003c74                HAL_IncTick
 .text.HAL_GetTick
                0x0000000008003c9c       0x18 ./Drivers/STM32F4xx_HAL_Driver/stm32f4xx_hal.o
                0x0000000008003c9c                HAL_GetTick
 .text.__NVIC_SetPriorityGrouping
                0x0000000008003cb4       0x48 ./Drivers/STM32F4xx_HAL_Driver/stm32f4xx_hal_cortex.o
 .text.__NVIC_GetPriorityGrouping
                0x0000000008003cfc       0x1c ./Drivers/STM32F4xx_HAL_Driver/stm32f4xx_hal_cortex.o
 .text.__NVIC_EnableIRQ
                0x0000000008003d18       0x3c ./Drivers/STM32F4xx_HAL_Driver/stm32f4xx_hal_cortex.o
 .text.__NVIC_SetPriority
                0x0000000008003d54       0x54 ./Drivers/STM32F4xx_HAL_Driver/stm32f4xx_hal_cortex.o
 .text.NVIC_EncodePriority
                0x0000000008003da8       0x66 ./Drivers/STM32F4xx_HAL_Driver/stm32f4xx_hal_cortex.o
 *fill*         0x0000000008003e0e        0x2 
 .text.SysTick_Config
                0x0000000008003e10       0x44 ./Drivers/STM32F4xx_HAL_Driver/stm32f4xx_hal_cortex.o
 .text.HAL_NVIC_SetPriorityGrouping
                0x0000000008003e54       0x16 ./Drivers/STM32F4xx_HAL_Driver/stm32f4xx_hal_cortex.o
                0x0000000008003e54                HAL_NVIC_SetPriorityGrouping
 .text.HAL_NVIC_SetPriority
                0x0000000008003e6a       0x38 ./Drivers/STM32F4xx_HAL_Driver/stm32f4xx_hal_cortex.o
                0x0000000008003e6a                HAL_NVIC_SetPriority
 .text.HAL_NVIC_EnableIRQ
                0x0000000008003ea2       0x1c ./Drivers/STM32F4xx_HAL_Driver/stm32f4xx_hal_cortex.o
                0x0000000008003ea2                HAL_NVIC_EnableIRQ
 .text.HAL_SYSTICK_Config
                0x0000000008003ebe       0x18 ./Drivers/STM32F4xx_HAL_Driver/stm32f4xx_hal_cortex.o
                0x0000000008003ebe                HAL_SYSTICK_Config
 .text.HAL_DMA_Abort
                0x0000000008003ed6       0xe0 ./Drivers/STM32F4xx_HAL_Driver/stm32f4xx_hal_dma.o
                0x0000000008003ed6                HAL_DMA_Abort
 .text.HAL_DMA_Abort_IT
                0x0000000008003fb6       0x44 ./Drivers/STM32F4xx_HAL_Driver/stm32f4xx_hal_dma.o
                0x0000000008003fb6                HAL_DMA_Abort_IT
 *fill*         0x0000000008003ffa        0x2 
 .text.HAL_GPIO_Init
                0x0000000008003ffc      0x338 ./Drivers/STM32F4xx_HAL_Driver/stm32f4xx_hal_gpio.o
                0x0000000008003ffc                HAL_GPIO_Init
 .text.HAL_RCC_OscConfig
                0x0000000008004334      0x4f0 ./Drivers/STM32F4xx_HAL_Driver/stm32f4xx_hal_rcc.o
                0x0000000008004334                HAL_RCC_OscConfig
 .text.HAL_RCC_ClockConfig
                0x0000000008004824      0x1cc ./Drivers/STM32F4xx_HAL_Driver/stm32f4xx_hal_rcc.o
                0x0000000008004824                HAL_RCC_ClockConfig
 .text.HAL_RCC_GetSysClockFreq
                0x00000000080049f0      0x18c ./Drivers/STM32F4xx_HAL_Driver/stm32f4xx_hal_rcc.o
                0x00000000080049f0                HAL_RCC_GetSysClockFreq
 .text.HAL_RCC_GetHCLKFreq
                0x0000000008004b7c       0x18 ./Drivers/STM32F4xx_HAL_Driver/stm32f4xx_hal_rcc.o
                0x0000000008004b7c                HAL_RCC_GetHCLKFreq
 .text.HAL_RCC_GetPCLK1Freq
                0x0000000008004b94       0x28 ./Drivers/STM32F4xx_HAL_Driver/stm32f4xx_hal_rcc.o
                0x0000000008004b94                HAL_RCC_GetPCLK1Freq
 .text.HAL_RCC_GetPCLK2Freq
                0x0000000008004bbc       0x28 ./Drivers/STM32F4xx_HAL_Driver/stm32f4xx_hal_rcc.o
                0x0000000008004bbc                HAL_RCC_GetPCLK2Freq
 .text.HAL_UART_Init
                0x0000000008004be4       0x9a ./Drivers/STM32F4xx_HAL_Driver/stm32f4xx_hal_uart.o
                0x0000000008004be4                HAL_UART_Init
 .text.HAL_UART_Transmit_IT
                0x0000000008004c7e       0x8a ./Drivers/STM32F4xx_HAL_Driver/stm32f4xx_hal_uart.o
                0x0000000008004c7e                HAL_UART_Transmit_IT
 .text.HAL_UART_Receive_IT
                0x0000000008004d08       0x60 ./Drivers/STM32F4xx_HAL_Driver/stm32f4xx_hal_uart.o
                0x0000000008004d08                HAL_UART_Receive_IT
 .text.HAL_UART_IRQHandler
                0x0000000008004d68      0x51c ./Drivers/STM32F4xx_HAL_Driver/stm32f4xx_hal_uart.o
                0x0000000008004d68                HAL_UART_IRQHandler
 .text.HAL_UART_ErrorCallback
                0x0000000008005284       0x14 ./Drivers/STM32F4xx_HAL_Driver/stm32f4xx_hal_uart.o
                0x0000000008005284                HAL_UART_ErrorCallback
 .text.HAL_UARTEx_RxEventCallback
                0x0000000008005298       0x18 ./Drivers/STM32F4xx_HAL_Driver/stm32f4xx_hal_uart.o
                0x0000000008005298                HAL_UARTEx_RxEventCallback
 .text.UART_Start_Receive_IT
                0x00000000080052b0       0x7c ./Drivers/STM32F4xx_HAL_Driver/stm32f4xx_hal_uart.o
                0x00000000080052b0                UART_Start_Receive_IT
 .text.UART_EndRxTransfer
                0x000000000800532c       0xc6 ./Drivers/STM32F4xx_HAL_Driver/stm32f4xx_hal_uart.o
 .text.UART_DMAAbortOnError
                0x00000000080053f2       0x28 ./Drivers/STM32F4xx_HAL_Driver/stm32f4xx_hal_uart.o
 .text.UART_Transmit_IT
                0x000000000800541a       0xa0 ./Drivers/STM32F4xx_HAL_Driver/stm32f4xx_hal_uart.o
 .text.UART_EndTransmit_IT
                0x00000000080054ba       0x30 ./Drivers/STM32F4xx_HAL_Driver/stm32f4xx_hal_uart.o
 .text.UART_Receive_IT
                0x00000000080054ea      0x176 ./Drivers/STM32F4xx_HAL_Driver/stm32f4xx_hal_uart.o
 .text.UART_SetConfig
                0x0000000008005660      0x4e8 ./Drivers/STM32F4xx_HAL_Driver/stm32f4xx_hal_uart.o
 .text.__libc_init_array
                0x0000000008005b48       0x48 c:/st/stm32cubeide_1.10.1/stm32cubeide/plugins/com.st.stm32cube.ide.mcu.externaltools.gnu-tools-for-stm32.10.3-2021.10.win32_1.0.0.202111181127/tools/bin/../lib/gcc/arm-none-eabi/10.3.1/../../../../arm-none-eabi/lib/thumb/v7e-m+fp/hard\libc_nano.a(lib_a-init.o)
                0x0000000008005b48                __libc_init_array
 .text.memset   0x0000000008005b90       0x10 c:/st/stm32cubeide_1.10.1/stm32cubeide/plugins/com.st.stm32cube.ide.mcu.externaltools.gnu-tools-for-stm32.10.3-2021.10.win32_1.0.0.202111181127/tools/bin/../lib/gcc/arm-none-eabi/10.3.1/../../../../arm-none-eabi/lib/thumb/v7e-m+fp/hard\libc_nano.a(lib_a-memset.o)
                0x0000000008005b90                memset
 *(.glue_7)
 .glue_7        0x0000000008005ba0        0x0 linker stubs
 *(.glue_7t)
 .glue_7t       0x0000000008005ba0        0x0 linker stubs
 *(.eh_frame)
 .eh_frame      0x0000000008005ba0        0x0 c:/st/stm32cubeide_1.10.1/stm32cubeide/plugins/com.st.stm32cube.ide.mcu.externaltools.gnu-tools-for-stm32.10.3-2021.10.win32_1.0.0.202111181127/tools/bin/../lib/gcc/arm-none-eabi/10.3.1/thumb/v7e-m+fp/hard/crtbegin.o
 *(.init)
 .init          0x0000000008005ba0        0x4 c:/st/stm32cubeide_1.10.1/stm32cubeide/plugins/com.st.stm32cube.ide.mcu.externaltools.gnu-tools-for-stm32.10.3-2021.10.win32_1.0.0.202111181127/tools/bin/../lib/gcc/arm-none-eabi/10.3.1/thumb/v7e-m+fp/hard/crti.o
                0x0000000008005ba0                _init
 .init          0x0000000008005ba4        0x8 c:/st/stm32cubeide_1.10.1/stm32cubeide/plugins/com.st.stm32cube.ide.mcu.externaltools.gnu-tools-for-stm32.10.3-2021.10.win32_1.0.0.202111181127/tools/bin/../lib/gcc/arm-none-eabi/10.3.1/thumb/v7e-m+fp/hard/crtn.o
 *(.fini)
 .fini          0x0000000008005bac        0x4 c:/st/stm32cubeide_1.10.1/stm32cubeide/plugins/com.st.stm32cube.ide.mcu.externaltools.gnu-tools-for-stm32.10.3-2021.10.win32_1.0.0.202111181127/tools/bin/../lib/gcc/arm-none-eabi/10.3.1/thumb/v7e-m+fp/hard/crti.o
                0x0000000008005bac                _fini
 .fini          0x0000000008005bb0        0x8 c:/st/stm32cubeide_1.10.1/stm32cubeide/plugins/com.st.stm32cube.ide.mcu.externaltools.gnu-tools-for-stm32.10.3-2021.10.win32_1.0.0.202111181127/tools/bin/../lib/gcc/arm-none-eabi/10.3.1/thumb/v7e-m+fp/hard/crtn.o
                0x0000000008005bb8                . = ALIGN (0x4)
                0x0000000008005bb8                _etext = .

.vfp11_veneer   0x0000000008005bb8        0x0
 .vfp11_veneer  0x0000000008005bb8        0x0 linker stubs

.v4_bx          0x0000000008005bb8        0x0
 .v4_bx         0x0000000008005bb8        0x0 linker stubs

.iplt           0x0000000008005bb8        0x0
 .iplt          0x0000000008005bb8        0x0 c:/st/stm32cubeide_1.10.1/stm32cubeide/plugins/com.st.stm32cube.ide.mcu.externaltools.gnu-tools-for-stm32.10.3-2021.10.win32_1.0.0.202111181127/tools/bin/../lib/gcc/arm-none-eabi/10.3.1/thumb/v7e-m+fp/hard/crtbegin.o

.rodata         0x0000000008005bb8      0x218
                0x0000000008005bb8                . = ALIGN (0x4)
 *(.rodata)
 *(.rodata*)
 .rodata.table_crc_hi
                0x0000000008005bb8      0x100 ./Application/User/Core/md_slave.o
 .rodata.table_crc_lo
                0x0000000008005cb8      0x100 ./Application/User/Core/md_slave.o
 .rodata.AHBPrescTable
                0x0000000008005db8       0x10 ./Drivers/CMSIS/system_stm32f4xx.o
                0x0000000008005db8                AHBPrescTable
 .rodata.APBPrescTable
                0x0000000008005dc8        0x8 ./Drivers/CMSIS/system_stm32f4xx.o
                0x0000000008005dc8                APBPrescTable
                0x0000000008005dd0                . = ALIGN (0x4)

.ARM.extab      0x0000000008005dd0        0x0
                0x0000000008005dd0                . = ALIGN (0x4)
 *(.ARM.extab* .gnu.linkonce.armextab.*)
                0x0000000008005dd0                . = ALIGN (0x4)

.ARM            0x0000000008005dd0        0x8
                0x0000000008005dd0                . = ALIGN (0x4)
                0x0000000008005dd0                __exidx_start = .
 *(.ARM.exidx*)
 .ARM.exidx     0x0000000008005dd0        0x8 c:/st/stm32cubeide_1.10.1/stm32cubeide/plugins/com.st.stm32cube.ide.mcu.externaltools.gnu-tools-for-stm32.10.3-2021.10.win32_1.0.0.202111181127/tools/bin/../lib/gcc/arm-none-eabi/10.3.1/thumb/v7e-m+fp/hard\libgcc.a(_udivmoddi4.o)
                0x0000000008005dd8                __exidx_end = .
                0x0000000008005dd8                . = ALIGN (0x4)

.rel.dyn        0x0000000008005dd8        0x0
 .rel.iplt      0x0000000008005dd8        0x0 c:/st/stm32cubeide_1.10.1/stm32cubeide/plugins/com.st.stm32cube.ide.mcu.externaltools.gnu-tools-for-stm32.10.3-2021.10.win32_1.0.0.202111181127/tools/bin/../lib/gcc/arm-none-eabi/10.3.1/thumb/v7e-m+fp/hard/crtbegin.o

.preinit_array  0x0000000008005dd8        0x0
                0x0000000008005dd8                . = ALIGN (0x4)
                0x0000000008005dd8                PROVIDE (__preinit_array_start = .)
 *(.preinit_array*)
                0x0000000008005dd8                PROVIDE (__preinit_array_end = .)
                0x0000000008005dd8                . = ALIGN (0x4)

.init_array     0x0000000008005dd8        0x4
                0x0000000008005dd8                . = ALIGN (0x4)
                0x0000000008005dd8                PROVIDE (__init_array_start = .)
 *(SORT_BY_NAME(.init_array.*))
 *(.init_array*)
 .init_array    0x0000000008005dd8        0x4 c:/st/stm32cubeide_1.10.1/stm32cubeide/plugins/com.st.stm32cube.ide.mcu.externaltools.gnu-tools-for-stm32.10.3-2021.10.win32_1.0.0.202111181127/tools/bin/../lib/gcc/arm-none-eabi/10.3.1/thumb/v7e-m+fp/hard/crtbegin.o
                0x0000000008005ddc                PROVIDE (__init_array_end = .)
                0x0000000008005ddc                . = ALIGN (0x4)

.fini_array     0x0000000008005ddc        0x4
                0x0000000008005ddc                . = ALIGN (0x4)
                [!provide]                        PROVIDE (__fini_array_start = .)
 *(SORT_BY_NAME(.fini_array.*))
 *(.fini_array*)
 .fini_array    0x0000000008005ddc        0x4 c:/st/stm32cubeide_1.10.1/stm32cubeide/plugins/com.st.stm32cube.ide.mcu.externaltools.gnu-tools-for-stm32.10.3-2021.10.win32_1.0.0.202111181127/tools/bin/../lib/gcc/arm-none-eabi/10.3.1/thumb/v7e-m+fp/hard/crtbegin.o
                [!provide]                        PROVIDE (__fini_array_end = .)
                0x0000000008005de0                . = ALIGN (0x4)
                0x0000000008005de0                _sidata = LOADADDR (.data)

.data           0x0000000020000000      0x1d8 load address 0x0000000008005de0
                0x0000000020000000                . = ALIGN (0x4)
                0x0000000020000000                _sdata = .
 *(.data)
 *(.data*)
 .data.HoldingRegisters
                0x0000000020000000      0x190 ./Application/User/Core/main.o
                0x0000000020000000                HoldingRegisters
 .data.len_of_regs
                0x0000000020000190        0x4 ./Application/User/Core/main.o
                0x0000000020000190                len_of_regs
 .data.coils    0x0000000020000194       0x32 ./Application/User/Core/main.o
                0x0000000020000194                coils
 *fill*         0x00000000200001c6        0x2 
 .data.len_of_coils
                0x00000000200001c8        0x4 ./Application/User/Core/main.o
                0x00000000200001c8                len_of_coils
 .data.SystemCoreClock
                0x00000000200001cc        0x4 ./Drivers/CMSIS/system_stm32f4xx.o
                0x00000000200001cc                SystemCoreClock
 .data.uwTickPrio
                0x00000000200001d0        0x4 ./Drivers/STM32F4xx_HAL_Driver/stm32f4xx_hal.o
                0x00000000200001d0                uwTickPrio
 .data.uwTickFreq
                0x00000000200001d4        0x1 ./Drivers/STM32F4xx_HAL_Driver/stm32f4xx_hal.o
                0x00000000200001d4                uwTickFreq
 *(.RamFunc)
 *(.RamFunc*)
                0x00000000200001d8                . = ALIGN (0x4)
 *fill*         0x00000000200001d5        0x3 
                0x00000000200001d8                _edata = .
                0x0000000008005fb8                _siccmram = LOADADDR (.ccmram)

.igot.plt       0x00000000200001d8        0x0 load address 0x0000000008005fb8
 .igot.plt      0x00000000200001d8        0x0 c:/st/stm32cubeide_1.10.1/stm32cubeide/plugins/com.st.stm32cube.ide.mcu.externaltools.gnu-tools-for-stm32.10.3-2021.10.win32_1.0.0.202111181127/tools/bin/../lib/gcc/arm-none-eabi/10.3.1/thumb/v7e-m+fp/hard/crtbegin.o

.ccmram         0x0000000010000000        0x0 load address 0x0000000008005fb8
                0x0000000010000000                . = ALIGN (0x4)
                0x0000000010000000                _sccmram = .
 *(.ccmram)
 *(.ccmram*)
                0x0000000010000000                . = ALIGN (0x4)
                0x0000000010000000                _eccmram = .
                0x0000000010000000                . = ALIGN (0x4)

.bss            0x00000000200001d8     0x3924
                0x00000000200001d8                _sbss = .
                0x00000000200001d8                __bss_start__ = _sbss
 *(.bss)
 .bss           0x00000000200001d8       0x1c c:/st/stm32cubeide_1.10.1/stm32cubeide/plugins/com.st.stm32cube.ide.mcu.externaltools.gnu-tools-for-stm32.10.3-2021.10.win32_1.0.0.202111181127/tools/bin/../lib/gcc/arm-none-eabi/10.3.1/thumb/v7e-m+fp/hard/crtbegin.o
 *(.bss*)
 .bss.data      0x00000000200001f4      0x100 ./Application/User/Core/main.o
                0x00000000200001f4                data
 .bss.response_array
                0x00000000200002f4      0x100 ./Application/User/Core/main.o
                0x00000000200002f4                response_array
 .bss.exception_code
                0x00000000200003f4        0x2 ./Application/User/Core/main.o
                0x00000000200003f4                exception_code
 *fill*         0x00000000200003f6        0x2 
 .bss.sending_byte_count
                0x00000000200003f8        0x4 ./Application/User/Core/main.o
                0x00000000200003f8                sending_byte_count
 .bss.q         0x00000000200003fc        0x4 ./Application/User/Core/main.o
                0x00000000200003fc                q
 .bss.input_registers
                0x0000000020000400     0x1f40 ./Application/User/Core/main.o
                0x0000000020000400                input_registers
 .bss.discrete_inputs
                0x0000000020002340      0x7d0 ./Application/User/Core/main.o
                0x0000000020002340                discrete_inputs
 .bss.exception_coils
                0x0000000020002b10        0x8 ./Application/User/Core/main.o
                0x0000000020002b10                exception_coils
 .bss.flag      0x0000000020002b18        0x4 ./Application/User/Core/main.o
                0x0000000020002b18                flag
 .bss.flag2     0x0000000020002b1c        0x4 ./Application/User/Core/main.o
                0x0000000020002b1c                flag2
 .bss.flag3     0x0000000020002b20        0x4 ./Application/User/Core/main.o
                0x0000000020002b20                flag3
 .bss.ttt       0x0000000020002b24        0x4 ./Application/User/Core/main.o
                0x0000000020002b24                ttt
 .bss.test_1    0x0000000020002b28        0x4 ./Application/User/Core/main.o
                0x0000000020002b28                test_1
 .bss.test_2    0x0000000020002b2c        0x4 ./Application/User/Core/main.o
                0x0000000020002b2c                test_2
 .bss.test_3    0x0000000020002b30        0x4 ./Application/User/Core/main.o
                0x0000000020002b30                test_3
 .bss.test_4    0x0000000020002b34        0x4 ./Application/User/Core/main.o
                0x0000000020002b34                test_4
 .bss.slave_CRC
                0x0000000020002b38        0x2 ./Application/User/Core/main.o
                0x0000000020002b38                slave_CRC
 .bss.sent_CRC  0x0000000020002b3a        0x2 ./Application/User/Core/main.o
                0x0000000020002b3a                sent_CRC
 .bss.num_of_coils_for_multi_coil
                0x0000000020002b3c        0x2 ./Application/User/Core/main.o
                0x0000000020002b3c                num_of_coils_for_multi_coil
 .bss.bytes_for_multi_coil
                0x0000000020002b3e        0x2 ./Application/User/Core/main.o
                0x0000000020002b3e                bytes_for_multi_coil
 .bss.num_of_regs_for_multi_reg
                0x0000000020002b40        0x2 ./Application/User/Core/main.o
                0x0000000020002b40                num_of_regs_for_multi_reg
 .bss.bytes_for_multi_reg
                0x0000000020002b42        0x2 ./Application/User/Core/main.o
                0x0000000020002b42                bytes_for_multi_reg
 .bss.start_addr
                0x0000000020002b44        0x2 ./Application/User/Core/main.o
                0x0000000020002b44                start_addr
 .bss.quantitiy_of_coils
                0x0000000020002b46        0x2 ./Application/User/Core/main.o
                0x0000000020002b46                quantitiy_of_coils
 .bss.quantitiy_of_regs
                0x0000000020002b48        0x2 ./Application/User/Core/main.o
                0x0000000020002b48                quantitiy_of_regs
 .bss.quantitiy_of_discrete_inputs
                0x0000000020002b4a        0x2 ./Application/User/Core/main.o
                0x0000000020002b4a                quantitiy_of_discrete_inputs
 .bss.quantitiy_of_input_regs
                0x0000000020002b4c        0x2 ./Application/User/Core/main.o
                0x0000000020002b4c                quantitiy_of_input_regs
 *fill*         0x0000000020002b4e        0x2 
 .bss.temp_coils
                0x0000000020002b50      0xf60 ./Application/User/Core/main.o
                0x0000000020002b50                temp_coils
 .bss.num       0x0000000020003ab0        0x4 ./Application/User/Core/main.o
                0x0000000020003ab0                num
 .bss.huart1    0x0000000020003ab4       0x44 ./Application/User/Core/usart.o
                0x0000000020003ab4                huart1
 .bss.uwTick    0x0000000020003af8        0x4 ./Drivers/STM32F4xx_HAL_Driver/stm32f4xx_hal.o
                0x0000000020003af8                uwTick
 *(COMMON)
                0x0000000020003afc                . = ALIGN (0x4)
                0x0000000020003afc                _ebss = .
                0x0000000020003afc                __bss_end__ = _ebss

._user_heap_stack
                0x0000000020003afc      0x604
                0x0000000020003b00                . = ALIGN (0x8)
 *fill*         0x0000000020003afc        0x4 
                [!provide]                        PROVIDE (end = .)
                0x0000000020003b00                PROVIDE (_end = .)
                0x0000000020003d00                . = (. + _Min_Heap_Size)
 *fill*         0x0000000020003b00      0x200 
                0x0000000020004100                . = (. + _Min_Stack_Size)
 *fill*         0x0000000020003d00      0x400 
                0x0000000020004100                . = ALIGN (0x8)

/DISCARD/
 libc.a(*)
 libm.a(*)
 libgcc.a(*)

.ARM.attributes
                0x0000000000000000       0x30
 *(.ARM.attributes)
 .ARM.attributes
                0x0000000000000000       0x1e c:/st/stm32cubeide_1.10.1/stm32cubeide/plugins/com.st.stm32cube.ide.mcu.externaltools.gnu-tools-for-stm32.10.3-2021.10.win32_1.0.0.202111181127/tools/bin/../lib/gcc/arm-none-eabi/10.3.1/thumb/v7e-m+fp/hard/crti.o
 .ARM.attributes
                0x000000000000001e       0x34 c:/st/stm32cubeide_1.10.1/stm32cubeide/plugins/com.st.stm32cube.ide.mcu.externaltools.gnu-tools-for-stm32.10.3-2021.10.win32_1.0.0.202111181127/tools/bin/../lib/gcc/arm-none-eabi/10.3.1/thumb/v7e-m+fp/hard/crtbegin.o
 .ARM.attributes
                0x0000000000000052       0x34 ./Application/User/Core/gpio.o
 .ARM.attributes
                0x0000000000000086       0x34 ./Application/User/Core/main.o
 .ARM.attributes
                0x00000000000000ba       0x34 ./Application/User/Core/md_slave.o
 .ARM.attributes
                0x00000000000000ee       0x34 ./Application/User/Core/stm32f4xx_hal_msp.o
 .ARM.attributes
                0x0000000000000122       0x34 ./Application/User/Core/stm32f4xx_it.o
 .ARM.attributes
                0x0000000000000156       0x34 ./Application/User/Core/usart.o
 .ARM.attributes
                0x000000000000018a       0x21 ./Application/User/Startup/startup_stm32f407vgtx.o
 .ARM.attributes
                0x00000000000001ab       0x34 ./Drivers/CMSIS/system_stm32f4xx.o
 .ARM.attributes
                0x00000000000001df       0x34 ./Drivers/STM32F4xx_HAL_Driver/stm32f4xx_hal.o
 .ARM.attributes
                0x0000000000000213       0x34 ./Drivers/STM32F4xx_HAL_Driver/stm32f4xx_hal_cortex.o
 .ARM.attributes
                0x0000000000000247       0x34 ./Drivers/STM32F4xx_HAL_Driver/stm32f4xx_hal_dma.o
 .ARM.attributes
                0x000000000000027b       0x34 ./Drivers/STM32F4xx_HAL_Driver/stm32f4xx_hal_gpio.o
 .ARM.attributes
                0x00000000000002af       0x34 ./Drivers/STM32F4xx_HAL_Driver/stm32f4xx_hal_rcc.o
 .ARM.attributes
                0x00000000000002e3       0x34 ./Drivers/STM32F4xx_HAL_Driver/stm32f4xx_hal_uart.o
 .ARM.attributes
                0x0000000000000317       0x34 c:/st/stm32cubeide_1.10.1/stm32cubeide/plugins/com.st.stm32cube.ide.mcu.externaltools.gnu-tools-for-stm32.10.3-2021.10.win32_1.0.0.202111181127/tools/bin/../lib/gcc/arm-none-eabi/10.3.1/../../../../arm-none-eabi/lib/thumb/v7e-m+fp/hard\libc_nano.a(lib_a-init.o)
 .ARM.attributes
                0x000000000000034b       0x34 c:/st/stm32cubeide_1.10.1/stm32cubeide/plugins/com.st.stm32cube.ide.mcu.externaltools.gnu-tools-for-stm32.10.3-2021.10.win32_1.0.0.202111181127/tools/bin/../lib/gcc/arm-none-eabi/10.3.1/../../../../arm-none-eabi/lib/thumb/v7e-m+fp/hard\libc_nano.a(lib_a-memset.o)
 .ARM.attributes
                0x000000000000037f       0x1e c:/st/stm32cubeide_1.10.1/stm32cubeide/plugins/com.st.stm32cube.ide.mcu.externaltools.gnu-tools-for-stm32.10.3-2021.10.win32_1.0.0.202111181127/tools/bin/../lib/gcc/arm-none-eabi/10.3.1/thumb/v7e-m+fp/hard\libgcc.a(_aeabi_uldivmod.o)
 .ARM.attributes
                0x000000000000039d       0x34 c:/st/stm32cubeide_1.10.1/stm32cubeide/plugins/com.st.stm32cube.ide.mcu.externaltools.gnu-tools-for-stm32.10.3-2021.10.win32_1.0.0.202111181127/tools/bin/../lib/gcc/arm-none-eabi/10.3.1/thumb/v7e-m+fp/hard\libgcc.a(_udivmoddi4.o)
 .ARM.attributes
                0x00000000000003d1       0x1e c:/st/stm32cubeide_1.10.1/stm32cubeide/plugins/com.st.stm32cube.ide.mcu.externaltools.gnu-tools-for-stm32.10.3-2021.10.win32_1.0.0.202111181127/tools/bin/../lib/gcc/arm-none-eabi/10.3.1/thumb/v7e-m+fp/hard\libgcc.a(_dvmd_tls.o)
 .ARM.attributes
                0x00000000000003ef       0x1e c:/st/stm32cubeide_1.10.1/stm32cubeide/plugins/com.st.stm32cube.ide.mcu.externaltools.gnu-tools-for-stm32.10.3-2021.10.win32_1.0.0.202111181127/tools/bin/../lib/gcc/arm-none-eabi/10.3.1/thumb/v7e-m+fp/hard/crtn.o
OUTPUT(MODBUS-Slave.elf elf32-littlearm)
LOAD linker stubs
LOAD c:/st/stm32cubeide_1.10.1/stm32cubeide/plugins/com.st.stm32cube.ide.mcu.externaltools.gnu-tools-for-stm32.10.3-2021.10.win32_1.0.0.202111181127/tools/bin/../lib/gcc/arm-none-eabi/10.3.1/../../../../arm-none-eabi/lib/thumb/v7e-m+fp/hard\libc.a
LOAD c:/st/stm32cubeide_1.10.1/stm32cubeide/plugins/com.st.stm32cube.ide.mcu.externaltools.gnu-tools-for-stm32.10.3-2021.10.win32_1.0.0.202111181127/tools/bin/../lib/gcc/arm-none-eabi/10.3.1/../../../../arm-none-eabi/lib/thumb/v7e-m+fp/hard\libm.a
LOAD c:/st/stm32cubeide_1.10.1/stm32cubeide/plugins/com.st.stm32cube.ide.mcu.externaltools.gnu-tools-for-stm32.10.3-2021.10.win32_1.0.0.202111181127/tools/bin/../lib/gcc/arm-none-eabi/10.3.1/thumb/v7e-m+fp/hard\libgcc.a

.debug_info     0x0000000000000000     0x99dc
 .debug_info    0x0000000000000000      0x2a8 ./Application/User/Core/gpio.o
 .debug_info    0x00000000000002a8     0x1043 ./Application/User/Core/main.o
 .debug_info    0x00000000000012eb      0x919 ./Application/User/Core/md_slave.o
 .debug_info    0x0000000000001c04      0x2a8 ./Application/User/Core/stm32f4xx_hal_msp.o
 .debug_info    0x0000000000001eac      0x665 ./Application/User/Core/stm32f4xx_it.o
 .debug_info    0x0000000000002511      0xc14 ./Application/User/Core/usart.o
 .debug_info    0x0000000000003125       0x22 ./Application/User/Startup/startup_stm32f407vgtx.o
 .debug_info    0x0000000000003147      0x523 ./Drivers/CMSIS/system_stm32f4xx.o
 .debug_info    0x000000000000366a      0x97c ./Drivers/STM32F4xx_HAL_Driver/stm32f4xx_hal.o
 .debug_info    0x0000000000003fe6      0xe1b ./Drivers/STM32F4xx_HAL_Driver/stm32f4xx_hal_cortex.o
 .debug_info    0x0000000000004e01      0x94f ./Drivers/STM32F4xx_HAL_Driver/stm32f4xx_hal_dma.o
 .debug_info    0x0000000000005750      0x76a ./Drivers/STM32F4xx_HAL_Driver/stm32f4xx_hal_gpio.o
 .debug_info    0x0000000000005eba      0x966 ./Drivers/STM32F4xx_HAL_Driver/stm32f4xx_hal_rcc.o
 .debug_info    0x0000000000006820     0x31bc ./Drivers/STM32F4xx_HAL_Driver/stm32f4xx_hal_uart.o

.debug_abbrev   0x0000000000000000     0x1942
 .debug_abbrev  0x0000000000000000       0xd4 ./Application/User/Core/gpio.o
 .debug_abbrev  0x00000000000000d4      0x297 ./Application/User/Core/main.o
 .debug_abbrev  0x000000000000036b      0x190 ./Application/User/Core/md_slave.o
 .debug_abbrev  0x00000000000004fb       0xd4 ./Application/User/Core/stm32f4xx_hal_msp.o
 .debug_abbrev  0x00000000000005cf      0x166 ./Application/User/Core/stm32f4xx_it.o
 .debug_abbrev  0x0000000000000735      0x205 ./Application/User/Core/usart.o
 .debug_abbrev  0x000000000000093a       0x12 ./Application/User/Startup/startup_stm32f407vgtx.o
 .debug_abbrev  0x000000000000094c      0x116 ./Drivers/CMSIS/system_stm32f4xx.o
 .debug_abbrev  0x0000000000000a62      0x20d ./Drivers/STM32F4xx_HAL_Driver/stm32f4xx_hal.o
 .debug_abbrev  0x0000000000000c6f      0x316 ./Drivers/STM32F4xx_HAL_Driver/stm32f4xx_hal_cortex.o
 .debug_abbrev  0x0000000000000f85      0x25b ./Drivers/STM32F4xx_HAL_Driver/stm32f4xx_hal_dma.o
 .debug_abbrev  0x00000000000011e0      0x1c4 ./Drivers/STM32F4xx_HAL_Driver/stm32f4xx_hal_gpio.o
 .debug_abbrev  0x00000000000013a4      0x2aa ./Drivers/STM32F4xx_HAL_Driver/stm32f4xx_hal_rcc.o
 .debug_abbrev  0x000000000000164e      0x2f4 ./Drivers/STM32F4xx_HAL_Driver/stm32f4xx_hal_uart.o

.debug_aranges  0x0000000000000000      0x748
 .debug_aranges
                0x0000000000000000       0x20 ./Application/User/Core/gpio.o
 .debug_aranges
                0x0000000000000020       0x40 ./Application/User/Core/main.o
 .debug_aranges
                0x0000000000000060       0x68 ./Application/User/Core/md_slave.o
 .debug_aranges
                0x00000000000000c8       0x20 ./Application/User/Core/stm32f4xx_hal_msp.o
 .debug_aranges
                0x00000000000000e8       0x68 ./Application/User/Core/stm32f4xx_it.o
 .debug_aranges
                0x0000000000000150       0x30 ./Application/User/Core/usart.o
 .debug_aranges
                0x0000000000000180       0x28 ./Application/User/Startup/startup_stm32f407vgtx.o
 .debug_aranges
                0x00000000000001a8       0x28 ./Drivers/CMSIS/system_stm32f4xx.o
 .debug_aranges
                0x00000000000001d0       0xf0 ./Drivers/STM32F4xx_HAL_Driver/stm32f4xx_hal.o
 .debug_aranges
                0x00000000000002c0      0x118 ./Drivers/STM32F4xx_HAL_Driver/stm32f4xx_hal_cortex.o
 .debug_aranges
                0x00000000000003d8       0x90 ./Drivers/STM32F4xx_HAL_Driver/stm32f4xx_hal_dma.o
 .debug_aranges
                0x0000000000000468       0x58 ./Drivers/STM32F4xx_HAL_Driver/stm32f4xx_hal_gpio.o
 .debug_aranges
                0x00000000000004c0       0x88 ./Drivers/STM32F4xx_HAL_Driver/stm32f4xx_hal_rcc.o
 .debug_aranges
                0x0000000000000548      0x200 ./Drivers/STM32F4xx_HAL_Driver/stm32f4xx_hal_uart.o

.debug_ranges   0x0000000000000000      0x6a0
 .debug_ranges  0x0000000000000000       0x10 ./Application/User/Core/gpio.o
 .debug_ranges  0x0000000000000010       0x30 ./Application/User/Core/main.o
 .debug_ranges  0x0000000000000040       0x58 ./Application/User/Core/md_slave.o
 .debug_ranges  0x0000000000000098       0x10 ./Application/User/Core/stm32f4xx_hal_msp.o
 .debug_ranges  0x00000000000000a8       0x58 ./Application/User/Core/stm32f4xx_it.o
 .debug_ranges  0x0000000000000100       0x20 ./Application/User/Core/usart.o
 .debug_ranges  0x0000000000000120       0x20 ./Application/User/Startup/startup_stm32f407vgtx.o
 .debug_ranges  0x0000000000000140       0x18 ./Drivers/CMSIS/system_stm32f4xx.o
 .debug_ranges  0x0000000000000158       0xe0 ./Drivers/STM32F4xx_HAL_Driver/stm32f4xx_hal.o
 .debug_ranges  0x0000000000000238      0x108 ./Drivers/STM32F4xx_HAL_Driver/stm32f4xx_hal_cortex.o
 .debug_ranges  0x0000000000000340       0x80 ./Drivers/STM32F4xx_HAL_Driver/stm32f4xx_hal_dma.o
 .debug_ranges  0x00000000000003c0       0x48 ./Drivers/STM32F4xx_HAL_Driver/stm32f4xx_hal_gpio.o
 .debug_ranges  0x0000000000000408       0x78 ./Drivers/STM32F4xx_HAL_Driver/stm32f4xx_hal_rcc.o
 .debug_ranges  0x0000000000000480      0x220 ./Drivers/STM32F4xx_HAL_Driver/stm32f4xx_hal_uart.o

.debug_macro    0x0000000000000000    0x1f946
 .debug_macro   0x0000000000000000      0x1d3 ./Application/User/Core/gpio.o
 .debug_macro   0x00000000000001d3      0xa78 ./Application/User/Core/gpio.o
 .debug_macro   0x0000000000000c4b      0x295 ./Application/User/Core/gpio.o
 .debug_macro   0x0000000000000ee0       0x2e ./Application/User/Core/gpio.o
 .debug_macro   0x0000000000000f0e       0x2f ./Application/User/Core/gpio.o
 .debug_macro   0x0000000000000f3d       0x22 ./Application/User/Core/gpio.o
 .debug_macro   0x0000000000000f5f       0x8e ./Application/User/Core/gpio.o
 .debug_macro   0x0000000000000fed       0x51 ./Application/User/Core/gpio.o
 .debug_macro   0x000000000000103e      0x103 ./Application/User/Core/gpio.o
 .debug_macro   0x0000000000001141       0x6a ./Application/User/Core/gpio.o
 .debug_macro   0x00000000000011ab      0x1df ./Application/User/Core/gpio.o
 .debug_macro   0x000000000000138a       0x1c ./Application/User/Core/gpio.o
 .debug_macro   0x00000000000013a6       0x22 ./Application/User/Core/gpio.o
 .debug_macro   0x00000000000013c8       0xd9 ./Application/User/Core/gpio.o
 .debug_macro   0x00000000000014a1     0x102d ./Application/User/Core/gpio.o
 .debug_macro   0x00000000000024ce      0x11f ./Application/User/Core/gpio.o
 .debug_macro   0x00000000000025ed    0x15e82 ./Application/User/Core/gpio.o
 .debug_macro   0x000000000001846f       0x6d ./Application/User/Core/gpio.o
 .debug_macro   0x00000000000184dc     0x367e ./Application/User/Core/gpio.o
 .debug_macro   0x000000000001bb5a      0x174 ./Application/User/Core/gpio.o
 .debug_macro   0x000000000001bcce       0x5c ./Application/User/Core/gpio.o
 .debug_macro   0x000000000001bd2a      0x96b ./Application/User/Core/gpio.o
 .debug_macro   0x000000000001c695      0x9fe ./Application/User/Core/gpio.o
 .debug_macro   0x000000000001d093      0x115 ./Application/User/Core/gpio.o
 .debug_macro   0x000000000001d1a8      0x13e ./Application/User/Core/gpio.o
 .debug_macro   0x000000000001d2e6       0xa5 ./Application/User/Core/gpio.o
 .debug_macro   0x000000000001d38b      0x174 ./Application/User/Core/gpio.o
 .debug_macro   0x000000000001d4ff      0x287 ./Application/User/Core/gpio.o
 .debug_macro   0x000000000001d786       0x5f ./Application/User/Core/gpio.o
 .debug_macro   0x000000000001d7e5      0x236 ./Application/User/Core/gpio.o
 .debug_macro   0x000000000001da1b      0x12c ./Application/User/Core/gpio.o
 .debug_macro   0x000000000001db47      0x21e ./Application/User/Core/gpio.o
 .debug_macro   0x000000000001dd65       0x2e ./Application/User/Core/gpio.o
 .debug_macro   0x000000000001dd93      0x11a ./Application/User/Core/gpio.o
 .debug_macro   0x000000000001dead       0x7e ./Application/User/Core/gpio.o
 .debug_macro   0x000000000001df2b       0x89 ./Application/User/Core/gpio.o
 .debug_macro   0x000000000001dfb4      0x295 ./Application/User/Core/gpio.o
 .debug_macro   0x000000000001e249      0x12d ./Application/User/Core/gpio.o
 .debug_macro   0x000000000001e376       0x10 ./Application/User/Core/gpio.o
 .debug_macro   0x000000000001e386      0x1e1 ./Application/User/Core/main.o
 .debug_macro   0x000000000001e567      0x1c9 ./Application/User/Core/md_slave.o
 .debug_macro   0x000000000001e730      0x1c9 ./Application/User/Core/stm32f4xx_hal_msp.o
 .debug_macro   0x000000000001e8f9      0x1d3 ./Application/User/Core/stm32f4xx_it.o
 .debug_macro   0x000000000001eacc      0x1d3 ./Application/User/Core/usart.o
 .debug_macro   0x000000000001ec9f      0x1ba ./Drivers/CMSIS/system_stm32f4xx.o
 .debug_macro   0x000000000001ee59      0x21a ./Drivers/STM32F4xx_HAL_Driver/stm32f4xx_hal.o
 .debug_macro   0x000000000001f073      0x1ba ./Drivers/STM32F4xx_HAL_Driver/stm32f4xx_hal_cortex.o
 .debug_macro   0x000000000001f22d      0x1c0 ./Drivers/STM32F4xx_HAL_Driver/stm32f4xx_hal_dma.o
 .debug_macro   0x000000000001f3ed      0x1c0 ./Drivers/STM32F4xx_HAL_Driver/stm32f4xx_hal_gpio.o
 .debug_macro   0x000000000001f5ad      0x1de ./Drivers/STM32F4xx_HAL_Driver/stm32f4xx_hal_rcc.o
 .debug_macro   0x000000000001f78b      0x1bb ./Drivers/STM32F4xx_HAL_Driver/stm32f4xx_hal_uart.o

.debug_line     0x0000000000000000     0xb8b1
 .debug_line    0x0000000000000000      0x6c0 ./Application/User/Core/gpio.o
 .debug_line    0x00000000000006c0      0xbb5 ./Application/User/Core/main.o
 .debug_line    0x0000000000001275     0x212a ./Application/User/Core/md_slave.o
 .debug_line    0x000000000000339f      0x6c3 ./Application/User/Core/stm32f4xx_hal_msp.o
 .debug_line    0x0000000000003a62      0x79e ./Application/User/Core/stm32f4xx_it.o
 .debug_line    0x0000000000004200      0x730 ./Application/User/Core/usart.o
 .debug_line    0x0000000000004930       0x94 ./Application/User/Startup/startup_stm32f407vgtx.o
 .debug_line    0x00000000000049c4      0x745 ./Drivers/CMSIS/system_stm32f4xx.o
 .debug_line    0x0000000000005109      0x9ab ./Drivers/STM32F4xx_HAL_Driver/stm32f4xx_hal.o
 .debug_line    0x0000000000005ab4      0xc5a ./Drivers/STM32F4xx_HAL_Driver/stm32f4xx_hal_cortex.o
 .debug_line    0x000000000000670e      0xf0f ./Drivers/STM32F4xx_HAL_Driver/stm32f4xx_hal_dma.o
 .debug_line    0x000000000000761d      0xb1f ./Drivers/STM32F4xx_HAL_Driver/stm32f4xx_hal_gpio.o
 .debug_line    0x000000000000813c      0xd25 ./Drivers/STM32F4xx_HAL_Driver/stm32f4xx_hal_rcc.o
 .debug_line    0x0000000000008e61     0x2a50 ./Drivers/STM32F4xx_HAL_Driver/stm32f4xx_hal_uart.o

.debug_str      0x0000000000000000    0xbeea6
 .debug_str     0x0000000000000000    0xbc560 ./Application/User/Core/gpio.o
                                      0xbc7c5 (size before relaxing)
 .debug_str     0x00000000000bc560      0x922 ./Application/User/Core/main.o
                                      0xbd12e (size before relaxing)
 .debug_str     0x00000000000bce82       0xdd ./Application/User/Core/md_slave.o
                                      0xbc888 (size before relaxing)
 .debug_str     0x00000000000bcf5f       0x56 ./Application/User/Core/stm32f4xx_hal_msp.o
                                      0xbc7c5 (size before relaxing)
 .debug_str     0x00000000000bcfb5      0x119 ./Application/User/Core/stm32f4xx_it.o
                                      0xbcbd3 (size before relaxing)
 .debug_str     0x00000000000bd0ce      0x618 ./Application/User/Core/usart.o
                                      0xbd259 (size before relaxing)
 .debug_str     0x00000000000bd6e6       0x42 ./Application/User/Startup/startup_stm32f407vgtx.o
                                         0x82 (size before relaxing)
 .debug_str     0x00000000000bd728      0x105 ./Drivers/CMSIS/system_stm32f4xx.o
                                      0xbc84e (size before relaxing)
 .debug_str     0x00000000000bd82d      0x641 ./Drivers/STM32F4xx_HAL_Driver/stm32f4xx_hal.o
                                      0xbd3d2 (size before relaxing)
 .debug_str     0x00000000000bde6e      0x357 ./Drivers/STM32F4xx_HAL_Driver/stm32f4xx_hal_cortex.o
                                      0xbd105 (size before relaxing)
 .debug_str     0x00000000000be1c5      0x347 ./Drivers/STM32F4xx_HAL_Driver/stm32f4xx_hal_dma.o
                                      0xbcc68 (size before relaxing)
 .debug_str     0x00000000000be50c      0x182 ./Drivers/STM32F4xx_HAL_Driver/stm32f4xx_hal_gpio.o
                                      0xbc9c9 (size before relaxing)
 .debug_str     0x00000000000be68e      0x25d ./Drivers/STM32F4xx_HAL_Driver/stm32f4xx_hal_rcc.o
                                      0xbcc82 (size before relaxing)
 .debug_str     0x00000000000be8eb      0x5bb ./Drivers/STM32F4xx_HAL_Driver/stm32f4xx_hal_uart.o
                                      0xbd221 (size before relaxing)

.comment        0x0000000000000000       0x50
 .comment       0x0000000000000000       0x50 ./Application/User/Core/gpio.o
                                         0x51 (size before relaxing)
 .comment       0x0000000000000050       0x51 ./Application/User/Core/main.o
 .comment       0x0000000000000050       0x51 ./Application/User/Core/md_slave.o
 .comment       0x0000000000000050       0x51 ./Application/User/Core/stm32f4xx_hal_msp.o
 .comment       0x0000000000000050       0x51 ./Application/User/Core/stm32f4xx_it.o
 .comment       0x0000000000000050       0x51 ./Application/User/Core/usart.o
 .comment       0x0000000000000050       0x51 ./Drivers/CMSIS/system_stm32f4xx.o
 .comment       0x0000000000000050       0x51 ./Drivers/STM32F4xx_HAL_Driver/stm32f4xx_hal.o
 .comment       0x0000000000000050       0x51 ./Drivers/STM32F4xx_HAL_Driver/stm32f4xx_hal_cortex.o
 .comment       0x0000000000000050       0x51 ./Drivers/STM32F4xx_HAL_Driver/stm32f4xx_hal_dma.o
 .comment       0x0000000000000050       0x51 ./Drivers/STM32F4xx_HAL_Driver/stm32f4xx_hal_gpio.o
 .comment       0x0000000000000050       0x51 ./Drivers/STM32F4xx_HAL_Driver/stm32f4xx_hal_rcc.o
 .comment       0x0000000000000050       0x51 ./Drivers/STM32F4xx_HAL_Driver/stm32f4xx_hal_uart.o

.debug_frame    0x0000000000000000     0x1c18
 .debug_frame   0x0000000000000000       0x38 ./Application/User/Core/gpio.o
 .debug_frame   0x0000000000000038       0xbc ./Application/User/Core/main.o
 .debug_frame   0x00000000000000f4      0x18c ./Application/User/Core/md_slave.o
 .debug_frame   0x0000000000000280       0x38 ./Application/User/Core/stm32f4xx_hal_msp.o
 .debug_frame   0x00000000000002b8      0x120 ./Application/User/Core/stm32f4xx_it.o
 .debug_frame   0x00000000000003d8       0x74 ./Application/User/Core/usart.o
 .debug_frame   0x000000000000044c       0x58 ./Drivers/CMSIS/system_stm32f4xx.o
 .debug_frame   0x00000000000004a4      0x374 ./Drivers/STM32F4xx_HAL_Driver/stm32f4xx_hal.o
 .debug_frame   0x0000000000000818      0x498 ./Drivers/STM32F4xx_HAL_Driver/stm32f4xx_hal_cortex.o
 .debug_frame   0x0000000000000cb0      0x250 ./Drivers/STM32F4xx_HAL_Driver/stm32f4xx_hal_dma.o
 .debug_frame   0x0000000000000f00      0x14c ./Drivers/STM32F4xx_HAL_Driver/stm32f4xx_hal_gpio.o
 .debug_frame   0x000000000000104c      0x1f4 ./Drivers/STM32F4xx_HAL_Driver/stm32f4xx_hal_rcc.o
 .debug_frame   0x0000000000001240      0x92c ./Drivers/STM32F4xx_HAL_Driver/stm32f4xx_hal_uart.o
 .debug_frame   0x0000000000001b6c       0x2c c:/st/stm32cubeide_1.10.1/stm32cubeide/plugins/com.st.stm32cube.ide.mcu.externaltools.gnu-tools-for-stm32.10.3-2021.10.win32_1.0.0.202111181127/tools/bin/../lib/gcc/arm-none-eabi/10.3.1/../../../../arm-none-eabi/lib/thumb/v7e-m+fp/hard\libc_nano.a(lib_a-init.o)
 .debug_frame   0x0000000000001b98       0x20 c:/st/stm32cubeide_1.10.1/stm32cubeide/plugins/com.st.stm32cube.ide.mcu.externaltools.gnu-tools-for-stm32.10.3-2021.10.win32_1.0.0.202111181127/tools/bin/../lib/gcc/arm-none-eabi/10.3.1/../../../../arm-none-eabi/lib/thumb/v7e-m+fp/hard\libc_nano.a(lib_a-memset.o)
 .debug_frame   0x0000000000001bb8       0x2c c:/st/stm32cubeide_1.10.1/stm32cubeide/plugins/com.st.stm32cube.ide.mcu.externaltools.gnu-tools-for-stm32.10.3-2021.10.win32_1.0.0.202111181127/tools/bin/../lib/gcc/arm-none-eabi/10.3.1/thumb/v7e-m+fp/hard\libgcc.a(_aeabi_uldivmod.o)
 .debug_frame   0x0000000000001be4       0x34 c:/st/stm32cubeide_1.10.1/stm32cubeide/plugins/com.st.stm32cube.ide.mcu.externaltools.gnu-tools-for-stm32.10.3-2021.10.win32_1.0.0.202111181127/tools/bin/../lib/gcc/arm-none-eabi/10.3.1/thumb/v7e-m+fp/hard\libgcc.a(_udivmoddi4.o)
